Input file: TeamK5P3.ss
   1: ;	Rules Tested
   2: ;	12) Quoted Lit
   3: ;	42) <action>
   4: ;	44-72) <any_other_token>
   5: 
   6: (define (funky a )
   7: 	
   8: 	(display 'this_is_an_IDENT_T)
   9: 	(newline)
  10: 	(display '532)
  11: 	(newline)
  12: 	(display 'cons)
  13: 	(newline)
  14: 	(display 'if)
  15: 	(newline)
  16: 	(display 'newline)
  17: 	(newline)
  18: 	(display 'car)	
  19: 	(newline)
  20: 	(display 'and)
  21: 	(newline)
  22: 	(display 'or)
  23: 	(newline)
  24: 	(display 'not)
  25: 	(newline)
  26: 	(display 'define)
  27: 	(newline)
  28: 	(display 'number?)
  29: 	(newline)
  30: 	(display 'symbol?)
  31: 	(newline)
  32: 	(display 'list?)
  33: 	(newline)
  34: 	(display 'zero?)
  35: 	(newline)
  36: 	(display 'null?)
  37: 	(newline)
  38: 	(display 'char?)
  39: 	(newline)
  40: 	(display 'string?)
  41: 	(newline)
  42: 	(display '+)
  43: 	(newline)
  44: 	(display '-)
  45: 	(newline)
  46: 	(display '/)
  47: 	(newline)
  48: 	(display '*)
  49: 	(newline)
  50: 	(display '=)
  51: 	(newline)
  52: 	(display '>)
  53: 	(newline)
  54: 	(display '<)
  55: 	(newline)
  56: 	(display '<=)
  57: 	(newline)
  58: 	(display '>=)
  59: 	(newline)
  60: 	(display 543)
  61: 	(newline)
  62: )
  63: 
  64: (define (main)
  65: 	(funky 'a)
  66: )
0 errors found in input file
